note: Building targets in dependency order
/Users/runner/work/paibanrili/paibanrili/ShiftScheduler/Views/Settings/CalendarSyncView.swift:45:20: error: type 'CalendarSyncView.MonthOption' does not conform to protocol 'Identifiable'
/Users/runner/work/paibanrili/paibanrili/ShiftScheduler/Views/Settings/CalendarSyncView.swift:304:23: error: referencing instance method 'contains' on 'BidirectionalCollection' requires the types 'Array<(start: Date, end: Date)>.SubSequence' (aka 'ArraySlice<(start: Date, end: Date)>') and 'Substring' be equivalent
/Users/runner/work/paibanrili/paibanrili/ShiftScheduler/Views/Settings/CalendarSyncView.swift:304:23: error: type '(_, _) -> Bool' cannot conform to 'RegexComponent'
/Users/runner/work/paibanrili/paibanrili/ShiftScheduler/Views/Settings/CalendarSyncView.swift:304:32: error: cannot infer type of closure parameter '$0' without a type annotation
/Users/runner/work/paibanrili/paibanrili/ShiftScheduler/Views/Settings/CalendarSyncView.swift:304:32: error: cannot infer type of closure parameter '$1' without a type annotation
/Users/runner/work/paibanrili/paibanrili/ShiftScheduler/Parsing/Extraction/DocxExtractor.swift:17:34: warning: 'init(data:accessMode:preferredEncoding:)' is deprecated: Please use the throwing initializer.
/Users/runner/work/paibanrili/paibanrili/ShiftScheduler/Parsing/Extraction/XlsxExtractor.swift:21:34: warning: 'init(data:accessMode:preferredEncoding:)' is deprecated: Please use the throwing initializer.
** BUILD FAILED **
== 构建失败 2026-08-26T02:38:23Z ==
    private struct MonthOption: Identifiable {
                   ^
Swift.Identifiable.id:2:5: note: protocol requires property 'id' with type 'ObjectIdentifier'
var id: Self.ID { get }}
    ^
/Users/runner/work/paibanrili/paibanrili/ShiftScheduler/Views/Settings/CalendarSyncView.swift:304:23: error: referencing instance method 'contains' on 'BidirectionalCollection' requires the types 'Array<(start: Date, end: Date)>.SubSequence' (aka 'ArraySlice<(start: Date, end: Date)>') and 'Substring' be equivalent
            intervals.contains { $0.attributedDate >= $1.start && $0.attributedDate <= $1.end }
                      ^
_StringProcessing.BidirectionalCollection:1:11: note: where 'Self.SubSequence' = 'Array<(start: Date, end: Date)>.SubSequence' (aka 'ArraySlice<(start: Date, end: Date)>')
extension BidirectionalCollection where Self.SubSequence == Substring {
          ^
/Users/runner/work/paibanrili/paibanrili/ShiftScheduler/Views/Settings/CalendarSyncView.swift:304:23: error: type '(_, _) -> Bool' cannot conform to 'RegexComponent'
            intervals.contains { $0.attributedDate >= $1.start && $0.attributedDate <= $1.end }
                      ^
/Users/runner/work/paibanrili/paibanrili/ShiftScheduler/Views/Settings/CalendarSyncView.swift:304:23: note: only concrete types such as structs, enums and classes can conform to protocols
            intervals.contains { $0.attributedDate >= $1.start && $0.attributedDate <= $1.end }
                      ^
/Users/runner/work/paibanrili/paibanrili/ShiftScheduler/Views/Settings/CalendarSyncView.swift:304:23: note: required by instance method 'contains' where 'some RegexComponent' = '(_, _) -> Bool'
            intervals.contains { $0.attributedDate >= $1.start && $0.attributedDate <= $1.end }
                      ^
/Users/runner/work/paibanrili/paibanrili/ShiftScheduler/Views/Settings/CalendarSyncView.swift:304:32: error: cannot infer type of closure parameter '$0' without a type annotation
            intervals.contains { $0.attributedDate >= $1.start && $0.attributedDate <= $1.end }
                               ^
/Users/runner/work/paibanrili/paibanrili/ShiftScheduler/Views/Settings/CalendarSyncView.swift:304:32: error: cannot infer type of closure parameter '$1' without a type annotation
            intervals.contains { $0.attributedDate >= $1.start && $0.attributedDate <= $1.end }
                               ^
/Users/runner/work/paibanrili/paibanrili/ShiftScheduler/Parsing/Extraction/DocxExtractor.swift:17:34: warning: 'init(data:accessMode:preferredEncoding:)' is deprecated: Please use the throwing initializer.
        guard let archive = try? Archive(data: data, accessMode: .read) else {
                                 ^
/Users/runner/work/paibanrili/paibanrili/ShiftScheduler/Parsing/Extraction/DocxExtractor.swift:17:29: warning: no calls to throwing functions occur within 'try' expression
        guard let archive = try? Archive(data: data, accessMode: .read) else {
                            ^
/Users/runner/work/paibanrili/paibanrili/ShiftScheduler/ViewModels/QuickScheduleViewModel.swift:68:19: warning: value 'memberID' was defined but never used; consider replacing with boolean test
        guard let memberID = currentMember?.id else { return }
              ~~~~^~~~~~~~~~~
              (                               ) != nil
/Users/runner/work/paibanrili/paibanrili/ShiftScheduler/Parsing/Extraction/XlsxExtractor.swift:21:34: warning: 'init(data:accessMode:preferredEncoding:)' is deprecated: Please use the throwing initializer.
        guard let archive = try? Archive(data: data, accessMode: .read) else {
                                 ^
/Users/runner/work/paibanrili/paibanrili/ShiftScheduler/Parsing/Extraction/XlsxExtractor.swift:21:29: warning: no calls to throwing functions occur within 'try' expression
        guard let archive = try? Archive(data: data, accessMode: .read) else {
                            ^

Failed frontend command:
/Applications/Xcode_26.6.app/Contents/Developer/Toolchains/XcodeDefault.xctoolchain/usr/bin/swift-frontend -frontend -c /Users/runner/work/paibanrili/paibanrili/ShiftScheduler/Views/Settings/CalendarSyncView.swift /Users/runner/work/paibanrili/paibanrili/ShiftScheduler/ViewModels/CalendarViewModel.swift /Users/runner/work/paibanrili/paibanrili/ShiftScheduler/Views/ShiftLibrary/ColorPaletteView.swift /Users/runner/work/paibanrili/paibanrili/ShiftScheduler/Parsing/Recognition/ConfidenceScorer.swift /Users/runner/work/paibanrili/paibanrili/ShiftScheduler/Services/ConflictDetector.swift /Users/runner/work/paibanrili/paibanrili/ShiftScheduler/Services/ContainerFactory.swift /Users/runner/work/paibanrili/paibanrili/ShiftScheduler/Parsing/Recognition/DateRecognizer.swift /Users/runner/work/paibanrili/paibanrili/ShiftScheduler/Support/DateUtils.swift /Users/runner/work/paibanrili/paibanrili/ShiftScheduler/Views/Schedule/DayCellView.swift /Users/runner/work/paibanrili/paibanrili/ShiftScheduler/Models/DayNote.swift /Users/runner/work/paibanrili/paibanrili/ShiftScheduler/Views/Schedule/DayNoteMatrixView.swift /Users/runner/work/paibanrili/paibanrili/ShiftScheduler/Parsing/Extraction/DocxExtractor.swift /Users/runner/work/paibanrili/paibanrili/ShiftScheduler/Services/EventKitService.swift /Users/runner/work/paibanrili/paibanrili/ShiftScheduler/Support/Extensions.swift /Users/runner/work/paibanrili/paibanrili/ShiftScheduler/Support/GlassStyle.swift /Users/runner/work/paibanrili/paibanrili/ShiftScheduler/Views/Import/ImportSourceView.swift /Users/runner/work/paibanrili/paibanrili/ShiftScheduler/ViewModels/ImportViewModel.swift /Users/runner/work/paibanrili/paibanrili/ShiftScheduler/Models/Member.swift /Users/runner/work/paibanrili/paibanrili/ShiftScheduler/Views/Settings/MemberManagementView.swift /Users/runner/work/paibanrili/paibanrili/ShiftScheduler/ViewModels/MemberManagementViewModel.swift /Users/runner/work/paibanrili/paibanrili/ShiftScheduler/Views/Schedule/MonthCalendarView.swift /Users/runner/work/paibanrili/paibanrili/ShiftScheduler/Views/Schedule/MonthHeaderView.swift /Users/runner/work/paibanrili/paibanrili/ShiftScheduler/Parsing/Recognition/NameRecognizer.swift /Users/runner/work/paibanrili/paibanrili/ShiftScheduler/Parsing/ParseEngine.swift /Users/runner/work/paibanrili/paibanrili/ShiftScheduler/Parsing/ParsedModels.swift /Users/runner/work/paibanrili/paibanrili/ShiftScheduler/Views/Import/PasteInputView.swift /Users/runner/work/paibanrili/paibanrili/ShiftScheduler/Views/Import/PreviewConfirmView.swift /Users/runner/work/paibanrili/paibanrili/ShiftScheduler/Services/QuickScheduleService.swift /Users/runner/work/paibanrili/paibanrili/ShiftScheduler/Views/QuickSchedule/QuickScheduleView.swift /Users/runner/work/paibanrili/paibanrili/ShiftScheduler/ViewModels/QuickScheduleViewModel.swift /Users/runner/work/paibanrili/paibanrili/ShiftScheduler/App/RootTabView.swift /Users/runner/work/paibanrili/paibanrili/ShiftScheduler/Views/QuickSchedule/RotationEditorView.swift /Users/runner/work/paibanrili/paibanrili/ShiftScheduler/Models/ScheduleEntry.swift /Users/runner/work/paibanrili/paibanrili/ShiftScheduler/Views/Settings/SettingsView.swift /Users/runner/work/paibanrili/paibanrili/ShiftScheduler/ViewModels/SettingsViewModel.swift /Users/runner/work/paibanrili/paibanrili/SharedKit/SharedColor.swift /Users/runner/work/paibanrili/paibanrili/SharedKit/SharedConstants.swift /Users/runner/work/paibanrili/paibanrili/SharedKit/SharedFormatting.swift /Users/runner/work/paibanrili/paibanrili/ShiftScheduler/Models/ShiftDefinition.swift /Users/runner/work/paibanrili/paibanrili/ShiftScheduler/Views/ShiftLibrary/ShiftEditView.swift /Users/runner/work/paibanrili/paibanrili/ShiftScheduler/Parsing/Recognition/ShiftKeywordDictionary.swift /Users/runner/work/paibanrili/paibanrili/ShiftScheduler/ViewModels/ShiftLibraryViewModel.swift /Users/runner/work/paibanrili/paibanrili/ShiftScheduler/Views/ShiftLibrary/ShiftListView.swift /Users/runner/work/paibanrili/paibanrili/ShiftScheduler/Views/Schedule/ShiftPickerSheet.swift /Users/runner/work/paibanrili/paibanrili/ShiftScheduler/App/ShiftSchedulerApp.swift /Users/runner/work/paibanrili/paibanrili/ShiftScheduler/Parsing/Extraction/TextExtracting.swift /Users/runner/work/paibanrili/paibanrili/ShiftScheduler/Support/Theme.swift /Users/runner/work/paibanrili/paibanrili/ShiftScheduler/Parsing/Recognition/TimeRecognizer.swift /Users/runner/work/paibanrili/paibanrili/ShiftScheduler/Parsing/Extraction/TxtExtractor.swift /Users/runner/work/paibanrili/paibanrili/ShiftScheduler/Support/UIAppearance.swift /Users/runner/work/paibanrili/paibanrili/SharedKit/WidgetDataLoader.swift /Users/runner/work/paibanrili/paibanrili/ShiftScheduler/Support/WidgetRefresher.swift /Users/runner/work/paibanrili/paibanrili/ShiftScheduler/Parsing/Extraction/XlsxExtractor.swift /Users/runner/work/paibanrili/paibanrili/build/Build/Intermediates.noindex/ShiftScheduler.build/Release-iphoneos/ShiftScheduler.build/DerivedSources/GeneratedAssetSymbols.swift -supplementary-output-file-map /Users/runner/work/paibanrili/paibanrili/build/Build/Intermediates.noindex/ShiftScheduler.build/Release-iphoneos/ShiftScheduler.build/Objects-normal/arm64/supplementaryOutputs-3 -target arm64-apple-ios17.0 -module-can-import-version DeveloperToolsSupport 23.40.26 23.40.26 -disable-cross-import-overlay-search -swift-module-cross-import SwiftData /Applications/Xcode_26.6.app/Contents/Developer/Platforms/iPhoneOS.platform/Developer/SDKs/iPhoneOS26.5.sdk/System/Library/Frameworks/SwiftData.framework/Modules/SwiftData.swiftcrossimport/CoreData.swiftoverlay -swift-module-cross-import SwiftData /Applications/Xcode_26.6.app/Contents/Developer/Platforms/iPhoneOS.platform/Developer/SDKs/iPhoneOS26.5.sdk/System/Library/Frameworks/SwiftData.framework/Modules/SwiftData.swiftcrossimport/SwiftUI.swiftoverlay -load-resolved-plugin /Applications/Xcode_26.6.app/Contents/Developer/Platforms/iPhoneOS.platform/Developer/usr/lib/swift/host/plugins/libAppIntentsMacros.dylib\#/Applications/Xcode_26.6.app/Contents/Developer/Platforms/iPhoneOS.platform/Developer/usr/bin/swift-plugin-server\#AppIntentsMacros -load-resolved-plugin /Applications/Xcode_26.6.app/Contents/Developer/Platforms/iPhoneOS.platform/Developer/usr/lib/swift/host/plugins/libFoundationMacros.dylib\#/Applications/Xcode_26.6.app/Contents/Developer/Platforms/iPhoneOS.platform/Developer/usr/bin/swift-plugin-server\#FoundationMacros -load-resolved-plugin /Applications/Xcode_26.6.app/Contents/Developer/Platforms/iPhoneOS.platform/Developer/usr/lib/swift/host/plugins/libObservationMacros.dylib\#/Applications/Xcode_26.6.app/Contents/Developer/Platforms/iPhoneOS.platform/Developer/usr/bin/swift-plugin-server\#ObservationMacros -load-resolved-plugin /Applications/Xcode_26.6.app/Contents/Developer/Platforms/iPhoneOS.platform/Developer/usr/lib/swift/host/plugins/libPreviewsMacros.dylib\#/Applications/Xcode_26.6.app/Contents/Developer/Platforms/iPhoneOS.platform/Developer/usr/bin/swift-plugin-server\#PreviewsMacros -load-resolved-plugin /Applications/Xcode_26.6.app/Contents/Developer/Platforms/iPhoneOS.platform/Developer/usr/lib/swift/host/plugins/libSwiftDataMacros.dylib\#/Applications/Xcode_26.6.app/Contents/Developer/Platforms/iPhoneOS.platform/Developer/usr/bin/swift-plugin-server\#SwiftDataMacros -load-resolved-plugin /Applications/Xcode_26.6.app/Contents/Developer/Platforms/iPhoneOS.platform/Developer/usr/lib/swift/host/plugins/libSwiftMacros.dylib\#/Applications/Xcode_26.6.app/Contents/Developer/Platforms/iPhoneOS.platform/Developer/usr/bin/swift-plugin-server\#SwiftMacros -load-resolved-plugin /Applications/Xcode_26.6.app/Contents/Developer/Platforms/iPhoneOS.platform/Developer/usr/lib/swift/host/plugins/libSwiftUIMacros.dylib\#/Applications/Xcode_26.6.app/Contents/Developer/Platforms/iPhoneOS.platform/Developer/usr/bin/swift-plugin-server\#SwiftUIMacros -disable-implicit-swift-modules -Xcc -fno-implicit-modules -Xcc -fno-implicit-module-maps -explicit-swift-module-map-file /Users/runner/work/paibanrili/paibanrili/build/Build/Intermediates.noindex/ShiftScheduler.build/Release-iphoneos/ShiftScheduler.build/Objects-normal/arm64/ShiftScheduler-dependencies-1.json -debug-module-path /Users/runner/work/paibanrili/paibanrili/build/Build/Intermediates.noindex/ShiftScheduler.build/Release-iphoneos/ShiftScheduler.build/Objects-normal/arm64/ShiftScheduler.swiftmodule -Xllvm -aarch64-use-tbi -enable-objc-interop -stack-check -sdk /Applications/Xcode_26.6.app/Contents/Developer/Platforms/iPhoneOS.platform/Developer/SDKs/iPhoneOS26.5.sdk -I /Users/runner/work/paibanrili/paibanrili/build/Build/Products/Release-iphoneos -F /Users/runner/work/paibanrili/paibanrili/build/Build/Products/Release-iphoneos/PackageFrameworks -F /Users/runner/work/paibanrili/paibanrili/build/Build/Products/Release-iphoneos -no-color-diagnostics -Xcc -fno-color-diagnostics -g -debug-info-format\=dwarf -dwarf-version\=4 -module-cache-path /Users/runner/work/paibanrili/paibanrili/build/Build/Intermediates.noindex/SwiftExplicitPrecompiledModules -profile-generate -profile-coverage-mapping -swift-version 5 -O -serialize-debugging-options -const-gather-protocols-file /Users/runner/work/paibanrili/paibanrili/build/Build/Intermediates.noindex/ShiftScheduler.build/Release-iphoneos/ShiftScheduler.build/Objects-normal/arm64/ShiftScheduler_const_extract_protocols.json -enable-experimental-feature DebugDescriptionMacro -enable-bare-slash-regex -empty-abi-descriptor -validate-clang-modules-once -clang-build-session-file /Users/runner/work/paibanrili/paibanrili/build/ModuleCache.noindex/Session.modulevalidation -Xcc -working-directory -Xcc /Users/runner/work/paibanrili/paibanrili -file-compilation-dir /Users/runner/work/paibanrili/paibanrili -Xcc -ivfsstatcache -Xcc /Users/runner/work/paibanrili/paibanrili/build/SDKStatCaches.noindex/iphoneos26.5-23F81a-688ef53f1462e2c8f657fdc38a81448fee66e23052a0157c865c76b268046726.sdkstatcache -Xcc -I/Users/runner/work/paibanrili/paibanrili/build/Build/Intermediates.noindex/ShiftScheduler.build/Release-iphoneos/ShiftScheduler.build/swift-overrides.hmap -Xcc -iquote -Xcc /Users/runner/work/paibanrili/paibanrili/build/Build/Intermediates.noindex/ShiftScheduler.build/Release-iphoneos/ShiftScheduler.build/ShiftScheduler-generated-files.hmap -Xcc -I/Users/runner/work/paibanrili/paibanrili/build/Build/Intermediates.noindex/ShiftScheduler.build/Release-iphoneos/ShiftScheduler.build/ShiftScheduler-own-target-headers.hmap -Xcc -I/Users/runner/work/paibanrili/paibanrili/build/Build/Intermediates.noindex/ShiftScheduler.build/Release-iphoneos/ShiftScheduler.build/ShiftScheduler-all-non-framework-target-headers.hmap -Xcc -ivfsoverlay -Xcc /Users/runner/work/paibanrili/paibanrili/build/Build/Intermediates.noindex/ShiftScheduler.build/Release-iphoneos/ShiftScheduler-92704b8746430a202ff4ffb34eca820a-VFS-iphoneos/all-product-headers.yaml -Xcc -iquote -Xcc /Users/runner/work/paibanrili/paibanrili/build/Build/Intermediates.noindex/ShiftScheduler.build/Release-iphoneos/ShiftScheduler.build/ShiftScheduler-project-headers.hmap -Xcc -I/Users/runner/work/paibanrili/paibanrili/build/Build/Products/Release-iphoneos/include -Xcc -I/Users/runner/work/paibanrili/paibanrili/build/Build/Intermediates.noindex/ShiftScheduler.build/Release-iphoneos/ShiftScheduler.build/DerivedSources-normal/arm64 -Xcc -I/Users/runner/work/paibanrili/paibanrili/build/Build/Intermediates.noindex/ShiftScheduler.build/Release-iphoneos/ShiftScheduler.build/DerivedSources/arm64 -Xcc -I/Users/runner/work/paibanrili/paibanrili/build/Build/Intermediates.noindex/ShiftScheduler.build/Release-iphoneos/ShiftScheduler.build/DerivedSources -no-auto-bridging-header-chaining -module-name ShiftScheduler -frontend-parseable-output -disable-clang-spi -clang-target arm64-apple-ios26.5 -target-sdk-version 26.5 -target-sdk-name iphoneos26.5 -in-process-plugin-server-path /Applications/Xcode_26.6.app/Contents/Developer/Toolchains/XcodeDefault.xctoolchain/usr/lib/swift/host/libSwiftInProcPluginServer.dylib -enable-default-cmo -num-threads 3 -o /Users/runner/work/paibanrili/paibanrili/build/Build/Intermediates.noindex/ShiftScheduler.build/Release-iphoneos/ShiftScheduler.build/Objects-normal/arm64/CalendarSyncView.o -o /Users/runner/work/paibanrili/paibanrili/build/Build/Intermediates.noindex/ShiftScheduler.build/Release-iphoneos/ShiftScheduler.build/Objects-normal/arm64/CalendarViewModel.o -o /Users/runner/work/paibanrili/paibanrili/build/Build/Intermediates.noindex/ShiftScheduler.build/Release-iphoneos/ShiftScheduler.build/Objects-normal/arm64/ColorPaletteView.o -o /Users/runner/work/paibanrili/paibanrili/build/Build/Intermediates.noindex/ShiftScheduler.build/Release-iphoneos/ShiftScheduler.build/Objects-normal/arm64/ConfidenceScorer.o -o /Users/runner/work/paibanrili/paibanrili/build/Build/Intermediates.noindex/ShiftScheduler.build/Release-iphoneos/ShiftScheduler.build/Objects-normal/arm64/ConflictDetector.o -o /Users/runner/work/paibanrili/paibanrili/build/Build/Intermediates.noindex/ShiftScheduler.build/Release-iphoneos/ShiftScheduler.build/Objects-normal/arm64/ContainerFactory.o -o /Users/runner/work/paibanrili/paibanrili/build/Build/Intermediates.noindex/ShiftScheduler.build/Release-iphoneos/ShiftScheduler.build/Objects-normal/arm64/DateRecognizer.o -o /Users/runner/work/paibanrili/paibanrili/build/Build/Intermediates.noindex/ShiftScheduler.build/Release-iphoneos/ShiftScheduler.build/Objects-normal/arm64/DateUtils.o -o /Users/runner/work/paibanrili/paibanrili/build/Build/Intermediates.noindex/ShiftScheduler.build/Release-iphoneos/ShiftScheduler.build/Objects-normal/arm64/DayCellView.o -o /Users/runner/work/paibanrili/paibanrili/build/Build/Intermediates.noindex/ShiftScheduler.build/Release-iphoneos/ShiftScheduler.build/Objects-normal/arm64/DayNote.o -o /Users/runner/work/paibanrili/paibanrili/build/Build/Intermediates.noindex/ShiftScheduler.build/Release-iphoneos/ShiftScheduler.build/Objects-normal/arm64/DayNoteMatrixView.o -o /Users/runner/work/paibanrili/paibanrili/build/Build/Intermediates.noindex/ShiftScheduler.build/Release-iphoneos/ShiftScheduler.build/Objects-normal/arm64/DocxExtractor.o -o /Users/runner/work/paibanrili/paibanrili/build/Build/Intermediates.noindex/ShiftScheduler.build/Release-iphoneos/ShiftScheduler.build/Objects-normal/arm64/EventKitService.o -o /Users/runner/work/paibanrili/paibanrili/build/Build/Intermediates.noindex/ShiftScheduler.build/Release-iphoneos/ShiftScheduler.build/Objects-normal/arm64/Extensions.o -o /Users/runner/work/paibanrili/paibanrili/build/Build/Intermediates.noindex/ShiftScheduler.build/Release-iphoneos/ShiftScheduler.build/Objects-normal/arm64/GlassStyle.o -o /Users/runner/work/paibanrili/paibanrili/build/Build/Intermediates.noindex/ShiftScheduler.build/Release-iphoneos/ShiftScheduler.build/Objects-normal/arm64/ImportSourceView.o -o /Users/runner/work/paibanrili/paibanrili/build/Build/Intermediates.noindex/ShiftScheduler.build/Release-iphoneos/ShiftScheduler.build/Objects-normal/arm64/ImportViewModel.o -o /Users/runner/work/paibanrili/paibanrili/build/Build/Intermediates.noindex/ShiftScheduler.build/Release-iphoneos/ShiftScheduler.build/Objects-normal/arm64/Member.o -o /Users/runner/work/paibanrili/paibanrili/build/Build/Intermediates.noindex/ShiftScheduler.build/Release-iphoneos/ShiftScheduler.build/Objects-normal/arm64/MemberManagementView.o -o /Users/runner/work/paibanrili/paibanrili/build/Build/Intermediates.noindex/ShiftScheduler.build/Release-iphoneos/ShiftScheduler.build/Objects-normal/arm64/MemberManagementViewModel.o -o /Users/runner/work/paibanrili/paibanrili/build/Build/Intermediates.noindex/ShiftScheduler.build/Release-iphoneos/ShiftScheduler.build/Objects-normal/arm64/MonthCalendarView.o -o /Users/runner/work/paibanrili/paibanrili/build/Build/Intermediates.noindex/ShiftScheduler.build/Release-iphoneos/ShiftScheduler.build/Objects-normal/arm64/MonthHeaderView.o -o /Users/runner/work/paibanrili/paibanrili/build/Build/Intermediates.noindex/ShiftScheduler.build/Release-iphoneos/ShiftScheduler.build/Objects-normal/arm64/NameRecognizer.o -o /Users/runner/work/paibanrili/paibanrili/build/Build/Intermediates.noindex/ShiftScheduler.build/Release-iphoneos/ShiftScheduler.build/Objects-normal/arm64/ParseEngine.o -o /Users/runner/work/paibanrili/paibanrili/build/Build/Intermediates.noindex/ShiftScheduler.build/Release-iphoneos/ShiftScheduler.build/Objects-normal/arm64/ParsedModels.o -o /Users/runner/work/paibanrili/paibanrili/build/Build/Intermediates.noindex/ShiftScheduler.build/Release-iphoneos/ShiftScheduler.build/Objects-normal/arm64/PasteInputView.o -o /Users/runner/work/paibanrili/paibanrili/build/Build/Intermediates.noindex/ShiftScheduler.build/Release-iphoneos/ShiftScheduler.build/Objects-normal/arm64/PreviewConfirmView.o -o /Users/runner/work/paibanrili/paibanrili/build/Build/Intermediates.noindex/ShiftScheduler.build/Release-iphoneos/ShiftScheduler.build/Objects-normal/arm64/QuickScheduleService.o -o /Users/runner/work/paibanrili/paibanrili/build/Build/Intermediates.noindex/ShiftScheduler.build/Release-iphoneos/ShiftScheduler.build/Objects-normal/arm64/QuickScheduleView.o -o /Users/runner/work/paibanrili/paibanrili/build/Build/Intermediates.noindex/ShiftScheduler.build/Release-iphoneos/ShiftScheduler.build/Objects-normal/arm64/QuickScheduleViewModel.o -o /Users/runner/work/paibanrili/paibanrili/build/Build/Intermediates.noindex/ShiftScheduler.build/Release-iphoneos/ShiftScheduler.build/Objects-normal/arm64/RootTabView.o -o /Users/runner/work/paibanrili/paibanrili/build/Build/Intermediates.noindex/ShiftScheduler.build/Release-iphoneos/ShiftScheduler.build/Objects-normal/arm64/RotationEditorView.o -o /Users/runner/work/paibanrili/paibanrili/build/Build/Intermediates.noindex/ShiftScheduler.build/Release-iphoneos/ShiftScheduler.build/Objects-normal/arm64/ScheduleEntry.o -o /Users/runner/work/paibanrili/paibanrili/build/Build/Intermediates.noindex/ShiftScheduler.build/Release-iphoneos/ShiftScheduler.build/Objects-normal/arm64/SettingsView.o -o /Users/runner/work/paibanrili/paibanrili/build/Build/Intermediates.noindex/ShiftScheduler.build/Release-iphoneos/ShiftScheduler.build/Objects-normal/arm64/SettingsViewModel.o -o /Users/runner/work/paibanrili/paibanrili/build/Build/Intermediates.noindex/ShiftScheduler.build/Release-iphoneos/ShiftScheduler.build/Objects-normal/arm64/SharedColor.o -o /Users/runner/work/paibanrili/paibanrili/build/Build/Intermediates.noindex/ShiftScheduler.build/Release-iphoneos/ShiftScheduler.build/Objects-normal/arm64/SharedConstants.o -o /Users/runner/work/paibanrili/paibanrili/build/Build/Intermediates.noindex/ShiftScheduler.build/Release-iphoneos/ShiftScheduler.build/Objects-normal/arm64/SharedFormatting.o -o /Users/runner/work/paibanrili/paibanrili/build/Build/Intermediates.noindex/ShiftScheduler.build/Release-iphoneos/ShiftScheduler.build/Objects-normal/arm64/ShiftDefinition.o -o /Users/runner/work/paibanrili/paibanrili/build/Build/Intermediates.noindex/ShiftScheduler.build/Release-iphoneos/ShiftScheduler.build/Objects-normal/arm64/ShiftEditView.o -o /Users/runner/work/paibanrili/paibanrili/build/Build/Intermediates.noindex/ShiftScheduler.build/Release-iphoneos/ShiftScheduler.build/Objects-normal/arm64/ShiftKeywordDictionary.o -o /Users/runner/work/paibanrili/paibanrili/build/Build/Intermediates.noindex/ShiftScheduler.build/Release-iphoneos/ShiftScheduler.build/Objects-normal/arm64/ShiftLibraryViewModel.o -o /Users/runner/work/paibanrili/paibanrili/build/Build/Intermediates.noindex/ShiftScheduler.build/Release-iphoneos/ShiftScheduler.build/Objects-normal/arm64/ShiftListView.o -o /Users/runner/work/paibanrili/paibanrili/build/Build/Intermediates.noindex/ShiftScheduler.build/Release-iphoneos/ShiftScheduler.build/Objects-normal/arm64/ShiftPickerSheet.o -o /Users/runner/work/paibanrili/paibanrili/build/Build/Intermediates.noindex/ShiftScheduler.build/Release-iphoneos/ShiftScheduler.build/Objects-normal/arm64/ShiftSchedulerApp.o -o /Users/runner/work/paibanrili/paibanrili/build/Build/Intermediates.noindex/ShiftScheduler.build/Release-iphoneos/ShiftScheduler.build/Objects-normal/arm64/TextExtracting.o -o /Users/runner/work/paibanrili/paibanrili/build/Build/Intermediates.noindex/ShiftScheduler.build/Release-iphoneos/ShiftScheduler.build/Objects-normal/arm64/Theme.o -o /Users/runner/work/paibanrili/paibanrili/build/Build/Intermediates.noindex/ShiftScheduler.build/Release-iphoneos/ShiftScheduler.build/Objects-normal/arm64/TimeRecognizer.o -o /Users/runner/work/paibanrili/paibanrili/build/Build/Intermediates.noindex/ShiftScheduler.build/Release-iphoneos/ShiftScheduler.build/Objects-normal/arm64/TxtExtractor.o -o /Users/runner/work/paibanrili/paibanrili/build/Build/Intermediates.noindex/ShiftScheduler.build/Release-iphoneos/ShiftScheduler.build/Objects-normal/arm64/UIAppearance.o -o /Users/runner/work/paibanrili/paibanrili/build/Build/Intermediates.noindex/ShiftScheduler.build/Release-iphoneos/ShiftScheduler.build/Objects-normal/arm64/WidgetDataLoader.o -o /Users/runner/work/paibanrili/paibanrili/build/Build/Intermediates.noindex/ShiftScheduler.build/Release-iphoneos/ShiftScheduler.build/Objects-normal/arm64/WidgetRefresher.o -o /Users/runner/work/paibanrili/paibanrili/build/Build/Intermediates.noindex/ShiftScheduler.build/Release-iphoneos/ShiftScheduler.build/Objects-normal/arm64/XlsxExtractor.o -o /Users/runner/work/paibanrili/paibanrili/build/Build/Intermediates.noindex/ShiftScheduler.build/Release-iphoneos/ShiftScheduler.build/Objects-normal/arm64/GeneratedAssetSymbols.o -index-unit-output-path /ShiftScheduler.build/Release-iphoneos/ShiftScheduler.build/Objects-normal/arm64/CalendarSyncView.o -index-unit-output-path /ShiftScheduler.build/Release-iphoneos/ShiftScheduler.build/Objects-normal/arm64/CalendarViewModel.o -index-unit-output-path /ShiftScheduler.build/Release-iphoneos/ShiftScheduler.build/Objects-normal/arm64/ColorPaletteView.o -index-unit-output-path /ShiftScheduler.build/Release-iphoneos/ShiftScheduler.build/Objects-normal/arm64/ConfidenceScorer.o -index-unit-output-path /ShiftScheduler.build/Release-iphoneos/ShiftScheduler.build/Objects-normal/arm64/ConflictDetector.o -index-unit-output-path /ShiftScheduler.build/Release-iphoneos/ShiftScheduler.build/Objects-normal/arm64/ContainerFactory.o -index-unit-output-path /ShiftScheduler.build/Release-iphoneos/ShiftScheduler.build/Objects-normal/arm64/DateRecognizer.o -index-unit-output-path /ShiftScheduler.build/Release-iphoneos/ShiftScheduler.build/Objects-normal/arm64/DateUtils.o -index-unit-output-path /ShiftScheduler.build/Release-iphoneos/ShiftScheduler.build/Objects-normal/arm64/DayCellView.o -index-unit-output-path /ShiftScheduler.build/Release-iphoneos/ShiftScheduler.build/Objects-normal/arm64/DayNote.o -index-unit-output-path /ShiftScheduler.build/Release-iphoneos/ShiftScheduler.build/Objects-normal/arm64/DayNoteMatrixView.o -index-unit-output-path /ShiftScheduler.build/Release-iphoneos/ShiftScheduler.build/Objects-normal/arm64/DocxExtractor.o -index-unit-output-path /ShiftScheduler.build/Release-iphoneos/ShiftScheduler.build/Objects-normal/arm64/EventKitService.o -index-unit-output-path /ShiftScheduler.build/Release-iphoneos/ShiftScheduler.build/Objects-normal/arm64/Extensions.o -index-unit-output-path /ShiftScheduler.build/Release-iphoneos/ShiftScheduler.build/Objects-normal/arm64/GlassStyle.o -index-unit-output-path /ShiftScheduler.build/Release-iphoneos/ShiftScheduler.build/Objects-normal/arm64/ImportSourceView.o -index-unit-output-path /ShiftScheduler.build/Release-iphoneos/ShiftScheduler.build/Objects-normal/arm64/ImportViewModel.o -index-unit-output-path /ShiftScheduler.build/Release-iphoneos/ShiftScheduler.build/Objects-normal/arm64/Member.o -index-unit-output-path /ShiftScheduler.build/Release-iphoneos/ShiftScheduler.build/Objects-normal/arm64/MemberManagementView.o -index-unit-output-path /ShiftScheduler.build/Release-iphoneos/ShiftScheduler.build/Objects-normal/arm64/MemberManagementViewModel.o -index-unit-output-path /ShiftScheduler.build/Release-iphoneos/ShiftScheduler.build/Objects-normal/arm64/MonthCalendarView.o -index-unit-output-path /ShiftScheduler.build/Release-iphoneos/ShiftScheduler.build/Objects-normal/arm64/MonthHeaderView.o -index-unit-output-path /ShiftScheduler.build/Release-iphoneos/ShiftScheduler.build/Objects-normal/arm64/NameRecognizer.o -index-unit-output-path /ShiftScheduler.build/Release-iphoneos/ShiftScheduler.build/Objects-normal/arm64/ParseEngine.o -index-unit-output-path /ShiftScheduler.build/Release-iphoneos/ShiftScheduler.build/Objects-normal/arm64/ParsedModels.o -index-unit-output-path /ShiftScheduler.build/Release-iphoneos/ShiftScheduler.build/Objects-normal/arm64/PasteInputView.o -index-unit-output-path /ShiftScheduler.build/Release-iphoneos/ShiftScheduler.build/Objects-normal/arm64/PreviewConfirmView.o -index-unit-output-path /ShiftScheduler.build/Release-iphoneos/ShiftScheduler.build/Objects-normal/arm64/QuickScheduleService.o -index-unit-output-path /ShiftScheduler.build/Release-iphoneos/ShiftScheduler.build/Objects-normal/arm64/QuickScheduleView.o -index-unit-output-path /ShiftScheduler.build/Release-iphoneos/ShiftScheduler.build/Objects-normal/arm64/QuickScheduleViewModel.o -index-unit-output-path /ShiftScheduler.build/Release-iphoneos/ShiftScheduler.build/Objects-normal/arm64/RootTabView.o -index-unit-output-path /ShiftScheduler.build/Release-iphoneos/ShiftScheduler.build/Objects-normal/arm64/RotationEditorView.o -index-unit-output-path /ShiftScheduler.build/Release-iphoneos/ShiftScheduler.build/Objects-normal/arm64/ScheduleEntry.o -index-unit-output-path /ShiftScheduler.build/Release-iphoneos/ShiftScheduler.build/Objects-normal/arm64/SettingsView.o -index-unit-output-path /ShiftScheduler.build/Release-iphoneos/ShiftScheduler.build/Objects-normal/arm64/SettingsViewModel.o -index-unit-output-path /ShiftScheduler.build/Release-iphoneos/ShiftScheduler.build/Objects-normal/arm64/SharedColor.o -index-unit-output-path /ShiftScheduler.build/Release-iphoneos/ShiftScheduler.build/Objects-normal/arm64/SharedConstants.o -index-unit-output-path /ShiftScheduler.build/Release-iphoneos/ShiftScheduler.build/Objects-normal/arm64/SharedFormatting.o -index-unit-output-path /ShiftScheduler.build/Release-iphoneos/ShiftScheduler.build/Objects-normal/arm64/ShiftDefinition.o -index-unit-output-path /ShiftScheduler.build/Release-iphoneos/ShiftScheduler.build/Objects-normal/arm64/ShiftEditView.o -index-unit-output-path /ShiftScheduler.build/Release-iphoneos/ShiftScheduler.build/Objects-normal/arm64/ShiftKeywordDictionary.o -index-unit-output-path /ShiftScheduler.build/Release-iphoneos/ShiftScheduler.build/Objects-normal/arm64/ShiftLibraryViewModel.o -index-unit-output-path /ShiftScheduler.build/Release-iphoneos/ShiftScheduler.build/Objects-normal/arm64/ShiftListView.o -index-unit-output-path /ShiftScheduler.build/Release-iphoneos/ShiftScheduler.build/Objects-normal/arm64/ShiftPickerSheet.o -index-unit-output-path /ShiftScheduler.build/Release-iphoneos/ShiftScheduler.build/Objects-normal/arm64/ShiftSchedulerApp.o -index-unit-output-path /ShiftScheduler.build/Release-iphoneos/ShiftScheduler.build/Objects-normal/arm64/TextExtracting.o -index-unit-output-path /ShiftScheduler.build/Release-iphoneos/ShiftScheduler.build/Objects-normal/arm64/Theme.o -index-unit-output-path /ShiftScheduler.build/Release-iphoneos/ShiftScheduler.build/Objects-normal/arm64/TimeRecognizer.o -index-unit-output-path /ShiftScheduler.build/Release-iphoneos/ShiftScheduler.build/Objects-normal/arm64/TxtExtractor.o -index-unit-output-path /ShiftScheduler.build/Release-iphoneos/ShiftScheduler.build/Objects-normal/arm64/UIAppearance.o -index-unit-output-path /ShiftScheduler.build/Release-iphoneos/ShiftScheduler.build/Objects-normal/arm64/WidgetDataLoader.o -index-unit-output-path /ShiftScheduler.build/Release-iphoneos/ShiftScheduler.build/Objects-normal/arm64/WidgetRefresher.o -index-unit-output-path /ShiftScheduler.build/Release-iphoneos/ShiftScheduler.build/Objects-normal/arm64/XlsxExtractor.o -index-unit-output-path /ShiftScheduler.build/Release-iphoneos/ShiftScheduler.build/Objects-normal/arm64/GeneratedAssetSymbols.o
LinkAssetCatalog /Users/runner/work/paibanrili/paibanrili/ShiftScheduler/Assets.xcassets (in target 'ShiftScheduler' from project 'ShiftScheduler')
    cd /Users/runner/work/paibanrili/paibanrili
    builtin-linkAssetCatalog --thinned /Users/runner/work/paibanrili/paibanrili/build/Build/Intermediates.noindex/ShiftScheduler.build/Release-iphoneos/ShiftScheduler.build/assetcatalog_output/thinned --thinned-dependencies /Users/runner/work/paibanrili/paibanrili/build/Build/Intermediates.noindex/ShiftScheduler.build/Release-iphoneos/ShiftScheduler.build/assetcatalog_dependencies_thinned --thinned-info-plist-content /Users/runner/work/paibanrili/paibanrili/build/Build/Intermediates.noindex/ShiftScheduler.build/Release-iphoneos/ShiftScheduler.build/assetcatalog_generated_info.plist_thinned --unthinned /Users/runner/work/paibanrili/paibanrili/build/Build/Intermediates.noindex/ShiftScheduler.build/Release-iphoneos/ShiftScheduler.build/assetcatalog_output/unthinned --unthinned-dependencies /Users/runner/work/paibanrili/paibanrili/build/Build/Intermediates.noindex/ShiftScheduler.build/Release-iphoneos/ShiftScheduler.build/assetcatalog_dependencies_unthinned --unthinned-info-plist-content /Users/runner/work/paibanrili/paibanrili/build/Build/Intermediates.noindex/ShiftScheduler.build/Release-iphoneos/ShiftScheduler.build/assetcatalog_generated_info.plist_unthinned --output /Users/runner/work/paibanrili/paibanrili/build/Build/Products/Release-iphoneos/ShiftScheduler.app --plist-output /Users/runner/work/paibanrili/paibanrili/build/Build/Intermediates.noindex/ShiftScheduler.build/Release-iphoneos/ShiftScheduler.build/assetcatalog_generated_info.plist
note: Emplaced /Users/runner/work/paibanrili/paibanrili/build/Build/Products/Release-iphoneos/ShiftScheduler.app/AppIcon60x60@2x.png (in target 'ShiftScheduler' from project 'ShiftScheduler')
note: Emplaced /Users/runner/work/paibanrili/paibanrili/build/Build/Products/Release-iphoneos/ShiftScheduler.app/Assets.car (in target 'ShiftScheduler' from project 'ShiftScheduler')
note: Emplaced /Users/runner/work/paibanrili/paibanrili/build/Build/Products/Release-iphoneos/ShiftScheduler.app/AppIcon76x76@2x~ipad.png (in target 'ShiftScheduler' from project 'ShiftScheduler')

** BUILD FAILED **


The following build commands failed:
	CompileSwift normal arm64 (in target 'ShiftScheduler' from project 'ShiftScheduler')
	SwiftCompile normal arm64 Compiling\ CalendarSyncView.swift,\ CalendarViewModel.swift,\ ColorPaletteView.swift,\ ConfidenceScorer.swift,\ ConflictDetector.swift,\ ContainerFactory.swift,\ DateRecognizer.swift,\ DateUtils.swift,\ DayCellView.swift,\ DayNote.swift,\ DayNoteMatrixView.swift,\ DocxExtractor.swift,\ EventKitService.swift,\ Extensions.swift,\ GlassStyle.swift,\ ImportSourceView.swift,\ ImportViewModel.swift,\ Member.swift,\ MemberManagementView.swift,\ MemberManagementViewModel.swift,\ MonthCalendarView.swift,\ MonthHeaderView.swift,\ NameRecognizer.swift,\ ParseEngine.swift,\ ParsedModels.swift,\ PasteInputView.swift,\ PreviewConfirmView.swift,\ QuickScheduleService.swift,\ QuickScheduleView.swift,\ QuickScheduleViewModel.swift,\ RootTabView.swift,\ RotationEditorView.swift,\ ScheduleEntry.swift,\ SettingsView.swift,\ SettingsViewModel.swift,\ SharedColor.swift,\ SharedConstants.swift,\ SharedFormatting.swift,\ ShiftDefinition.swift,\ ShiftEditView.swift,\ ShiftKeywordDictionary.swift,\ ShiftLibraryViewModel.swift,\ ShiftListView.swift,\ ShiftPickerSheet.swift,\ ShiftSchedulerApp.swift,\ TextExtracting.swift,\ Theme.swift,\ TimeRecognizer.swift,\ TxtExtractor.swift,\ UIAppearance.swift,\ WidgetDataLoader.swift,\ WidgetRefresher.swift,\ XlsxExtractor.swift,\ GeneratedAssetSymbols.swift /Users/runner/work/paibanrili/paibanrili/ShiftScheduler/Views/Settings/CalendarSyncView.swift /Users/runner/work/paibanrili/paibanrili/ShiftScheduler/ViewModels/CalendarViewModel.swift /Users/runner/work/paibanrili/paibanrili/ShiftScheduler/Views/ShiftLibrary/ColorPaletteView.swift /Users/runner/work/paibanrili/paibanrili/ShiftScheduler/Parsing/Recognition/ConfidenceScorer.swift /Users/runner/work/paibanrili/paibanrili/ShiftScheduler/Services/ConflictDetector.swift /Users/runner/work/paibanrili/paibanrili/ShiftScheduler/Services/ContainerFactory.swift /Users/runner/work/paibanrili/paibanrili/ShiftScheduler/Parsing/Recognition/DateRecognizer.swift /Users/runner/work/paibanrili/paibanrili/ShiftScheduler/Support/DateUtils.swift /Users/runner/work/paibanrili/paibanrili/ShiftScheduler/Views/Schedule/DayCellView.swift /Users/runner/work/paibanrili/paibanrili/ShiftScheduler/Models/DayNote.swift /Users/runner/work/paibanrili/paibanrili/ShiftScheduler/Views/Schedule/DayNoteMatrixView.swift /Users/runner/work/paibanrili/paibanrili/ShiftScheduler/Parsing/Extraction/DocxExtractor.swift /Users/runner/work/paibanrili/paibanrili/ShiftScheduler/Services/EventKitService.swift /Users/runner/work/paibanrili/paibanrili/ShiftScheduler/Support/Extensions.swift /Users/runner/work/paibanrili/paibanrili/ShiftScheduler/Support/GlassStyle.swift /Users/runner/work/paibanrili/paibanrili/ShiftScheduler/Views/Import/ImportSourceView.swift /Users/runner/work/paibanrili/paibanrili/ShiftScheduler/ViewModels/ImportViewModel.swift /Users/runner/work/paibanrili/paibanrili/ShiftScheduler/Models/Member.swift /Users/runner/work/paibanrili/paibanrili/ShiftScheduler/Views/Settings/MemberManagementView.swift /Users/runner/work/paibanrili/paibanrili/ShiftScheduler/ViewModels/MemberManagementViewModel.swift /Users/runner/work/paibanrili/paibanrili/ShiftScheduler/Views/Schedule/MonthCalendarView.swift /Users/runner/work/paibanrili/paibanrili/ShiftScheduler/Views/Schedule/MonthHeaderView.swift /Users/runner/work/paibanrili/paibanrili/ShiftScheduler/Parsing/Recognition/NameRecognizer.swift /Users/runner/work/paibanrili/paibanrili/ShiftScheduler/Parsing/ParseEngine.swift /Users/runner/work/paibanrili/paibanrili/ShiftScheduler/Parsing/ParsedModels.swift /Users/runner/work/paibanrili/paibanrili/ShiftScheduler/Views/Import/PasteInputView.swift /Users/runner/work/paibanrili/paibanrili/ShiftScheduler/Views/Import/PreviewConfirmView.swift /Users/runner/work/paibanrili/paibanrili/ShiftScheduler/Services/QuickScheduleService.swift /Users/runner/work/paibanrili/paibanrili/ShiftScheduler/Views/QuickSchedule/QuickScheduleView.swift /Users/runner/work/paibanrili/paibanrili/ShiftScheduler/ViewModels/QuickScheduleViewModel.swift /Users/runner/work/paibanrili/paibanrili/ShiftScheduler/App/RootTabView.swift /Users/runner/work/paibanrili/paibanrili/ShiftScheduler/Views/QuickSchedule/RotationEditorView.swift /Users/runner/work/paibanrili/paibanrili/ShiftScheduler/Models/ScheduleEntry.swift /Users/runner/work/paibanrili/paibanrili/ShiftScheduler/Views/Settings/SettingsView.swift /Users/runner/work/paibanrili/paibanrili/ShiftScheduler/ViewModels/SettingsViewModel.swift /Users/runner/work/paibanrili/paibanrili/SharedKit/SharedColor.swift /Users/runner/work/paibanrili/paibanrili/SharedKit/SharedConstants.swift /Users/runner/work/paibanrili/paibanrili/SharedKit/SharedFormatting.swift /Users/runner/work/paibanrili/paibanrili/ShiftScheduler/Models/ShiftDefinition.swift /Users/runner/work/paibanrili/paibanrili/ShiftScheduler/Views/ShiftLibrary/ShiftEditView.swift /Users/runner/work/paibanrili/paibanrili/ShiftScheduler/Parsing/Recognition/ShiftKeywordDictionary.swift /Users/runner/work/paibanrili/paibanrili/ShiftScheduler/ViewModels/ShiftLibraryViewModel.swift /Users/runner/work/paibanrili/paibanrili/ShiftScheduler/Views/ShiftLibrary/ShiftListView.swift /Users/runner/work/paibanrili/paibanrili/ShiftScheduler/Views/Schedule/ShiftPickerSheet.swift /Users/runner/work/paibanrili/paibanrili/ShiftScheduler/App/ShiftSchedulerApp.swift /Users/runner/work/paibanrili/paibanrili/ShiftScheduler/Parsing/Extraction/TextExtracting.swift /Users/runner/work/paibanrili/paibanrili/ShiftScheduler/Support/Theme.swift /Users/runner/work/paibanrili/paibanrili/ShiftScheduler/Parsing/Recognition/TimeRecognizer.swift /Users/runner/work/paibanrili/paibanrili/ShiftScheduler/Parsing/Extraction/TxtExtractor.swift /Users/runner/work/paibanrili/paibanrili/ShiftScheduler/Support/UIAppearance.swift /Users/runner/work/paibanrili/paibanrili/SharedKit/WidgetDataLoader.swift /Users/runner/work/paibanrili/paibanrili/ShiftScheduler/Support/WidgetRefresher.swift /Users/runner/work/paibanrili/paibanrili/ShiftScheduler/Parsing/Extraction/XlsxExtractor.swift /Users/runner/work/paibanrili/paibanrili/build/Build/Intermediates.noindex/ShiftScheduler.build/Release-iphoneos/ShiftScheduler.build/DerivedSources/GeneratedAssetSymbols.swift /Applications/Xcode_26.6.app/Contents/Developer/Toolchains/XcodeDefault.xctoolchain/usr/lib/swift/iphoneos/prebuilt-modules/26.5/FileProvider.swiftmodule/arm64e-apple-ios.swiftmodule /Applications/Xcode_26.6.app/Contents/Developer/Toolchains/XcodeDefault.xctoolchain/usr/lib/swift/iphoneos/prebuilt-modules/26.5/simd.swiftmodule/arm64e-apple-ios.swiftmodule /Applications/Xcode_26.6.app/Contents/Developer/Toolchains/XcodeDefault.xctoolchain/usr/lib/swift/iphoneos/prebuilt-modules/26.5/UniformTypeIdentifiers.swiftmodule/arm64e-apple-ios.swiftmodule /Applications/Xcode_26.6.app/Contents/Developer/Toolchains/XcodeDefault.xctoolchain/usr/lib/swift/iphoneos/prebuilt-modules/26.5/Dispatch.swiftmodule/arm64e-apple-ios.swiftmodule /Applications/Xcode_26.6.app/Contents/Developer/Toolchains/XcodeDefault.xctoolchain/usr/lib/swift/iphoneos/prebuilt-modules/26.5/CoreLocation.swiftmodule/arm64e-apple-ios.swiftmodule /Applications/Xcode_26.6.app/Contents/Developer/Toolchains/XcodeDefault.xctoolchain/usr/lib/swift/iphoneos/prebuilt-modules/26.5/Combine.swiftmodule/arm64e-apple-ios.swiftmodule /Applications/Xcode_26.6.app/Contents/Developer/Toolchains/XcodeDefault.xctoolchain/usr/lib/swift/iphoneos/prebuilt-modules/26.5/ExtensionFoundation.swiftmodule/arm64e-apple-ios.swiftmodule /Applications/Xcode_26.6.app/Contents/Developer/Toolchains/XcodeDefault.xctoolchain/usr/lib/swift/iphoneos/prebuilt-modules/26.5/_DarwinFoundation2.swiftmodule/arm64e-apple-ios.swiftmodule /Applications/Xcode_26.6.app/Contents/Developer/Toolchains/XcodeDefault.xctoolchain/usr/lib/swift/iphoneos/prebuilt-modules/26.5/_AppIntents_SwiftUI.swiftmodule/arm64e-apple-ios.swiftmodule /Applications/Xcode_26.6.app/Contents/Developer/Toolchains/XcodeDefault.xctoolchain/usr/lib/swift/iphoneos/prebuilt-modules/26.5/CoreImage.swiftmodule/arm64e-apple-ios.swiftmodule /Applications/Xcode_26.6.app/Contents/Developer/Toolchains/XcodeDefault.xctoolchain/usr/lib/swift/iphoneos/prebuilt-modules/26.5/Network.swiftmodule/arm64e-apple-ios.swiftmodule /Applications/Xcode_26.6.app/Contents/Developer/Toolchains/XcodeDefault.xctoolchain/usr/lib/swift/iphoneos/prebuilt-modules/26.5/_Concurrency.swiftmodule/arm64e-apple-ios.swiftmodule /Applications/Xcode_26.6.app/Contents/Developer/Toolchains/XcodeDefault.xctoolchain/usr/lib/swift/iphoneos/prebuilt-modules/26.5/SwiftUI.swiftmodule/arm64e-apple-ios.swiftmodule /Applications/Xcode_26.6.app/Contents/Developer/Toolchains/XcodeDefault.xctoolchain/usr/lib/swift/iphoneos/prebuilt-modules/26.5/LightweightCodeRequirements.swiftmodule/arm64e-apple-ios.swiftmodule /Users/runner/work/paibanrili/paibanrili/build/Build/Products/Release-iphoneos/ZIPFoundation.swiftmodule/arm64-apple-ios.swiftmodule /Applications/Xcode_26.6.app/Contents/Developer/Toolchains/XcodeDefault.xctoolchain/usr/lib/swift/iphoneos/prebuilt-modules/26.5/Foundation.swiftmodule/arm64e-apple-ios.swiftmodule /Applications/Xcode_26.6.app/Contents/Developer/Toolchains/XcodeDefault.xctoolchain/usr/lib/swift/iphoneos/prebuilt-modules/26.5/Observation.swiftmodule/arm64e-apple-ios.swiftmodule /Applications/Xcode_26.6.app/Contents/Developer/Toolchains/XcodeDefault.xctoolchain/usr/lib/swift/iphoneos/prebuilt-modules/26.5/WidgetKit.swiftmodule/arm64e-apple-ios.swiftmodule /Applications/Xcode_26.6.app/Contents/Developer/Toolchains/XcodeDefault.xctoolchain/usr/lib/swift/iphoneos/prebuilt-modules/26.5/_Builtin_float.swiftmodule/arm64e-apple-ios.swiftmodule /Applications/Xcode_26.6.app/Contents/Developer/Toolchains/XcodeDefault.xctoolchain/usr/lib/swift/iphoneos/prebuilt-modules/26.5/CoreTransferable.swiftmodule/arm64e-apple-ios.swiftmodule /Applications/Xcode_26.6.app/Contents/Developer/Toolchains/XcodeDefault.xctoolchain/usr/lib/swift/iphoneos/prebuilt-modules/26.5/CoreSpotlight.swiftmodule/arm64e-apple-ios.swiftmodule /Applications/Xcode_26.6.app/Contents/Developer/Toolchains/XcodeDefault.xctoolchain/usr/lib/swift/iphoneos/prebuilt-modules/26.5/CoreData.swiftmodule/arm64e-apple-ios.swiftmodule /Applications/Xcode_26.6.app/Contents/Developer/Toolchains/XcodeDefault.xctoolchain/usr/lib/swift/iphoneos/prebuilt-modules/26.5/Intents.swiftmodule/arm64e-apple-ios.swiftmodule /Applications/Xcode_26.6.app/Contents/Developer/Toolchains/XcodeDefault.xctoolchain/usr/lib/swift/iphoneos/prebuilt-modules/26.5/XPC.swiftmodule/arm64e-apple-ios.swiftmodule /Applications/Xcode_26.6.app/Contents/Developer/Toolchains/XcodeDefault.xctoolchain/usr/lib/swift/iphoneos/prebuilt-modules/26.5/Metal.swiftmodule/arm64e-apple-ios.swiftmodule /Applications/Xcode_26.6.app/Contents/Developer/Toolchains/XcodeDefault.xctoolchain/usr/lib/swift/iphoneos/prebuilt-modules/26.5/SwiftUICore.swiftmodule/arm64e-apple-ios.swiftmodule /Applications/Xcode_26.6.app/Contents/Developer/Toolchains/XcodeDefault.xctoolchain/usr/lib/swift/iphoneos/prebuilt-modules/26.5/CoreVideo.swiftmodule/arm64e-apple-ios.swiftmodule /Applications/Xcode_26.6.app/Contents/Developer/Toolchains/XcodeDefault.xctoolchain/usr/lib/swift/iphoneos/prebuilt-modules/26.5/Compression.swiftmodule/arm64e-apple-ios.swiftmodule /Applications/Xcode_26.6.app/Contents/Developer/Toolchains/XcodeDefault.xctoolchain/usr/lib/swift/iphoneos/prebuilt-modules/26.5/Accessibility.swiftmodule/arm64e-apple-ios.swiftmodule /Applications/Xcode_26.6.app/Contents/Developer/Toolchains/XcodeDefault.xctoolchain/usr/lib/swift/iphoneos/prebuilt-modules/26.5/ObjectiveC.swiftmodule/arm64e-apple-ios.swiftmodule /Applications/Xcode_26.6.app/Contents/Developer/Toolchains/XcodeDefault.xctoolchain/usr/lib/swift/iphoneos/prebuilt-modules/26.5/QuartzCore.swiftmodule/arm64e-apple-ios.swiftmodule /Applications/Xcode_26.6.app/Contents/Developer/Toolchains/XcodeDefault.xctoolchain/usr/lib/swift/iphoneos/prebuilt-modules/26.5/DeveloperToolsSupport.swiftmodule/arm64e-apple-ios.swiftmodule /Applications/Xcode_26.6.app/Contents/Developer/Toolchains/XcodeDefault.xctoolchain/usr/lib/swift/iphoneos/prebuilt-modules/26.5/EventKit.swiftmodule/arm64e-apple-ios.swiftmodule /Applications/Xcode_26.6.app/Contents/Developer/Toolchains/XcodeDefault.xctoolchain/usr/lib/swift/iphoneos/prebuilt-modules/26.5/Darwin.swiftmodule/arm64e-apple-ios.swiftmodule /Applications/Xcode_26.6.app/Contents/Developer/Toolchains/XcodeDefault.xctoolchain/usr/lib/swift/iphoneos/prebuilt-modules/26.5/_SwiftData_SwiftUI.swiftmodule/arm64e-apple-ios.swiftmodule /Applications/Xcode_26.6.app/Contents/Developer/Toolchains/XcodeDefault.xctoolchain/usr/lib/swift/iphoneos/prebuilt-modules/26.5/_StringProcessing.swiftmodule/arm64e-apple-ios.swiftmodule /Applications/Xcode_26.6.app/Contents/Developer/Toolchains/XcodeDefault.xctoolchain/usr/lib/swift/iphoneos/prebuilt-modules/26.5/Spatial.swiftmodule/arm64e-apple-ios.swiftmodule /Applications/Xcode_26.6.app/Contents/Developer/Toolchains/XcodeDefault.xctoolchain/usr/lib/swift/iphoneos/prebuilt-modules/26.5/OSLog.swiftmodule/arm64e-apple-ios.swiftmodule /Applications/Xcode_26.6.app/Contents/Developer/Toolchains/XcodeDefault.xctoolchain/usr/lib/swift/iphoneos/prebuilt-modules/26.5/_DarwinFoundation3.swiftmodule/arm64e-apple-ios.swiftmodule /Applications/Xcode_26.6.app/Contents/Developer/Toolchains/XcodeDefault.xctoolchain/usr/lib/swift/iphoneos/prebuilt-modules/26.5/_DarwinFoundation1.swiftmodule/arm64e-apple-ios.swiftmodule /Applications/Xcode_26.6.app/Contents/Developer/Toolchains/XcodeDefault.xctoolchain/usr/lib/swift/iphoneos/prebuilt-modules/26.5/Distributed.swiftmodule/arm64e-apple-ios.swiftmodule /Applications/Xcode_26.6.app/Contents/Developer/Toolchains/XcodeDefault.xctoolchain/usr/lib/swift/iphoneos/prebuilt-modules/26.5/CoreFoundation.swiftmodule/arm64e-apple-ios.swiftmodule /Applications/Xcode_26.6.app/Contents/Developer/Toolchains/XcodeDefault.xctoolchain/usr/lib/swift/iphoneos/prebuilt-modules/26.5/DataDetection.swiftmodule/arm64e-apple-ios.swiftmodule /Applications/Xcode_26.6.app/Contents/Developer/Toolchains/XcodeDefault.xctoolchain/usr/lib/swift/iphoneos/prebuilt-modules/26.5/UIKit.swiftmodule/arm64e-apple-ios.swiftmodule /Applications/Xcode_26.6.app/Contents/Developer/Toolchains/XcodeDefault.xctoolchain/usr/lib/swift/iphoneos/prebuilt-modules/26.5/SwiftData.swiftmodule/arm64e-apple-ios.swiftmodule /Applications/Xcode_26.6.app/Contents/Developer/Toolchains/XcodeDefault.xctoolchain/usr/lib/swift/iphoneos/prebuilt-modules/26.5/Symbols.swiftmodule/arm64e-apple-ios.swiftmodule /Applications/Xcode_26.6.app/Contents/Developer/Toolchains/XcodeDefault.xctoolchain/usr/lib/swift/iphoneos/prebuilt-modules/26.5/AppIntents.swiftmodule/arm64e-apple-ios.swiftmodule /Applications/Xcode_26.6.app/Contents/Developer/Toolchains/XcodeDefault.xctoolchain/usr/lib/swift/iphoneos/prebuilt-modules/26.5/ActivityKit.swiftmodule/arm64e-apple-ios.swiftmodule /Applications/Xcode_26.6.app/Contents/Developer/Toolchains/XcodeDefault.xctoolchain/usr/lib/swift/iphoneos/prebuilt-modules/26.5/CoreGraphics.swiftmodule/arm64e-apple-ios.swiftmodule /Applications/Xcode_26.6.app/Contents/Developer/Toolchains/XcodeDefault.xctoolchain/usr/lib/swift/iphoneos/prebuilt-modules/26.5/CoreText.swiftmodule/arm64e-apple-ios.swiftmodule /Applications/Xcode_26.6.app/Contents/Developer/Toolchains/XcodeDefault.xctoolchain/usr/lib/swift/iphoneos/prebuilt-modules/26.5/System.swiftmodule/arm64e-apple-ios.swiftmodule /Applications/Xcode_26.6.app/Contents/Developer/Toolchains/XcodeDefault.xctoolchain/usr/lib/swift/iphoneos/prebuilt-modules/26.5/Swift.swiftmodule/arm64e-apple-ios.swiftmodule /Applications/Xcode_26.6.app/Contents/Developer/Toolchains/XcodeDefault.xctoolchain/usr/lib/swift/iphoneos/prebuilt-modules/26.5/os.swiftmodule/arm64e-apple-ios.swiftmodule /Applications/Xcode_26.6.app/Contents/Developer/Toolchains/XcodeDefault.xctoolchain/usr/lib/swift/iphoneos/prebuilt-modules/26.5/RelevanceKit.swiftmodule/arm64e-apple-ios.swiftmodule /Users/runner/work/paibanrili/paibanrili/build/ModuleCache.noindex/IOSurface-331M65KQC5VKE3529UJ07V0I9.pcm /Users/runner/work/paibanrili/paibanrili/build/ModuleCache.noindex/_Builtin_tgmath-1GZZ0CLJMOKHBDV8Q2EQ9UD2Y.pcm /Users/runner/work/paibanrili/paibanrili/build/ModuleCache.noindex/Compression-B7NIEPCEXTG7DHUDRVNQ2VUPF.pcm /Users/runner/work/paibanrili/paibanrili/build/ModuleCache.noindex/_Builtin_stdint-CZ75T6KV9FXEN0E747MK9D4XK.pcm /Users/runner/work/paibanrili/paibanrili/build/ModuleCache.noindex/XPC-6H26H4RFCKSBQ05BO2WW6RKYB.pcm /Users/runner/work/paibanrili/paibanrili/build/ModuleCache.noindex/CoreGraphics-3VVHLVXR0VDM92UBDYHBV5ZH.pcm /Users/runner/work/paibanrili/paibanrili/build/ModuleCache.noindex/Darwin-1TRZ7IV4FGOICQ0QC4E79ZOYI.pcm /Users/runner/work/paibanrili/paibanrili/build/ModuleCache.noindex/RelevanceKit-237UV5H76AXKF8XLPAW5GMD4A.pcm /Users/runner/work/paibanrili/paibanrili/build/ModuleCache.noindex/CoreTransferable-9TZZT2K9C726MP7KYZG3SSE0U.pcm /Users/runner/work/paibanrili/paibanrili/build/ModuleCache.noindex/_Builtin_stddef-9GGDF96JUB0H77FC47Q9C00LE.pcm /Users/runner/work/paibanrili/paibanrili/build/ModuleCache.noindex/CoreImage-EWW2056FF82H13R098LHKKXKP.pcm /Users/runner/work/paibanrili/paibanrili/build/ModuleCache.noindex/Symbols-87R5F4VE0MWS5J6AH1VM5WG73.pcm /Users/runner/work/paibanrili/paibanrili/build/ModuleCache.noindex/ActivityKit-5GV8O9RKUDJYE29GNQOVBP8C5.pcm /Users/runner/work/paibanrili/paibanrili/build/ModuleCache.noindex/CoreFoundation-5J7VIENDNYYXFM3TRYO3GEJGZ.pcm /Users/runner/work/paibanrili/paibanrili/build/ModuleCache.noindex/_Builtin_float-BQ1QKI8U3A2WACUV81IK2KUB3.pcm /Users/runner/work/paibanrili/paibanrili/build/ModuleCache.noindex/_Builtin_stdarg-3RYVIR140272722LE5JNX4C4V.pcm /Users/runner/work/paibanrili/paibanrili/build/ModuleCache.noindex/os_workgroup-KP3AHG0KMJI05DKAWVA2Z7D2.pcm /Users/runner/work/paibanrili/paibanrili/build/ModuleCache.noindex/OpenGLES-3P6W0Q19QODMX4RP6F7WUFTCP.pcm /Users/runner/work/paibanrili/paibanrili/build/ModuleCache.noindex/DeveloperToolsSupport-C3C7M6LTRX1VH2MVBE085RPG2.pcm /Users/runner/work/paibanrili/paibanrili/build/ModuleCache.noindex/zlib-6NRNSJWR0P0BGUOZV57Z2UFMB.pcm /Users/runner/work/paibanrili/paibanrili/build/ModuleCache.noindex/dnssd-8UU7FS14VUDOYER2TMQ5IXBG4.pcm /Users/runner/work/paibanrili/paibanrili/build/ModuleCache.noindex/_DarwinFoundation3-EHOROYHTJ9LWO7O9UNR3LZ48F.pcm /Users/runner/work/paibanrili/paibanrili/build/ModuleCache.noindex/_AvailabilityInternal-3VYPDRT96NG988FISOM09NE80.pcm /Users/runner/work/paibanrili/paibanrili/build/ModuleCache.noindex/_LocationEssentials-5TGN8VKMCVTRLQAJK53WH874Y.pcm /Users/runner/work/paibanrili/paibanrili/build/ModuleCache.noindex/EventKit-62RFY5YRFP19O8WA83LV8LAIW.pcm /Users/runner/work/paibanrili/paibanrili/build/ModuleCache.noindex/os-AI8AJRB9ROE6RFHDG53I38MXP.pcm /Users/runner/work/paibanrili/paibanrili/build/ModuleCache.noindex/Dispatch-87SL3PQZCWN9IEG310HYIC8SC.pcm /Users/runner/work/paibanrili/paibanrili/build/ModuleCache.noindex/ptrauth-C5WVM2ET31JO8M1E700U2U6BL.pcm /Users/runner/work/paibanrili/paibanrili/build/ModuleCache.noindex/ExtensionFoundation-AQRHWSLUWII3ZMD8AJAZQ9EPW.pcm /Users/runner/work/paibanrili/paibanrili/build/ModuleCache.noindex/Intents-BBMZZTGDND8NN3FKTSXGQ3BGV.pcm /Users/runner/work/paibanrili/paibanrili/build/ModuleCache.noindex/Spatial-5SF38KQ2LUKHWOXXRVH9SK92T.pcm /Users/runner/work/paibanrili/paibanrili/build/ModuleCache.noindex/os_object-43FULN5VAN4TV27GOU1P7P0QX.pcm /Users/runner/work/paibanrili/paibanrili/build/ModuleCache.noindex/FileProvider-4R7JRVRWS8TEHIUBVHRMVPP1C.pcm /Users/runner/work/paibanrili/paibanrili/build/ModuleCache.noindex/Network-574BOJG9MJMTL9Q7IVIK2K58S.pcm /Users/runner/work/paibanrili/paibanrili/build/ModuleCache.noindex/QuartzCore-F1X22LY3P207PRZWWXPT54QHF.pcm /Users/runner/work/paibanrili/paibanrili/build/ModuleCache.noindex/UIKit-E3WAJ02S05H0IED01OZ05C0U7.pcm /Users/runner/work/paibanrili/paibanrili/build/ModuleCache.noindex/UniformTypeIdentifiers-9UES22OKLZ8Q0J1F5AJ376DAJ.pcm /Users/runner/work/paibanrili/paibanrili/build/ModuleCache.noindex/CoreSpotlight-8MILJQ84Q9726RWU5DSEUI761.pcm /Users/runner/work/paibanrili/paibanrili/build/ModuleCache.noindex/UserNotifications-38CIKF2XOCWK5741JW9R10RK1.pcm /Users/runner/work/paibanrili/paibanrili/build/ModuleCache.noindex/CoreLocation-7NERVKLS23ND8OK8ZF5EB197T.pcm /Users/runner/work/paibanrili/paibanrili/build/ModuleCache.noindex/UIUtilities-DSH98JTCAJ51TXTC416P6NYU3.pcm /Users/runner/work/paibanrili/paibanrili/build/ModuleCache.noindex/_Builtin_limits-DZ40YOPWX4G3J7MOAYW4742D8.pcm /Users/runner/work/paibanrili/paibanrili/build/ModuleCache.noindex/_Builtin_stdatomic-6KDDXZZL3O6AQWX86GUGDC4W1.pcm /Users/runner/work/paibanrili/paibanrili/build/ModuleCache.noindex/AppIntents-CVIWDI8D6RUW485NW7GWWP7SI.pcm /Users/runner/work/paibanrili/paibanrili/build/ModuleCache.noindex/Security-37PV0B8A3MW3FYFJH05ZKJTNX.pcm /Users/runner/work/paibanrili/paibanrili/build/ModuleCache.noindex/_Builtin_intrinsics-C2MCRTJTLRJH0PJ000PMZWGV6.pcm /Users/runner/work/paibanrili/paibanrili/build/ModuleCache.noindex/Accessibility-7AFZACILSXNNQGP9JYG2WQH5S.pcm /Users/runner/work/paibanrili/paibanrili/build/ModuleCache.noindex/CFNetwork-6QLFGTTAM9U43Y9JLV21C68G3.pcm /Users/runner/work/paibanrili/paibanrili/build/ModuleCache.noindex/ImageIO-94WSN7K3HPHGDT93W1X4C8LOD.pcm /Users/runner/work/paibanrili/paibanrili/build/ModuleCache.noindex/CoreData-CSPO1HN4XCEYFHOFYR3FWEO8E.pcm /Users/runner/work/paibanrili/paibanrili/build/ModuleCache.noindex/sys_types-RYELRKWS850D6HIYX6R7ZCFP.pcm /Users/runner/work/paibanrili/paibanrili/build/ModuleCache.noindex/_DarwinFoundation2-AOVX0LI5KTD3BSIDSCMSZO2IO.pcm /Users/runner/work/paibanrili/paibanrili/build/ModuleCache.noindex/ObjectiveC-BQE7C9JT955RJZ2PU6C4UN3OY.pcm /Users/runner/work/paibanrili/paibanrili/build/ModuleCache.noindex/MachO-4H17QRC5JSCNEXU8R7OLUOZ9R.pcm /Users/runner/work/paibanrili/paibanrili/build/ModuleCache.noindex/AddressBook-A8WKSRXZB4T4WDH1XSG8NOR2G.pcm /Users/runner/work/paibanrili/paibanrili/build/ModuleCache.noindex/SwiftUICore-7AXURTTY9AL4E6BFSHW1O7EA7.pcm /Users/runner/work/paibanrili/paibanrili/build/ModuleCache.noindex/_DarwinFoundation1-C5XXP62KBIHMEKTJER51WDWVP.pcm /Users/runner/work/paibanrili/paibanrili/build/ModuleCache.noindex/Metal-7YIR619PJBUSR52KIRIS3LIA8.pcm /Users/runner/work/paibanrili/paibanrili/build/ModuleCache.noindex/OSLog-4ONHJ0KXPXFVUX5WBQBCB3WU7.pcm /Users/runner/work/paibanrili/paibanrili/build/ModuleCache.noindex/simd-BMZCUMGR25HSYYNQ72DKUZ408.pcm /Users/runner/work/paibanrili/paibanrili/build/ModuleCache.noindex/CoreText-D537XZWYII409ZK4Z78ER17A1.pcm /Users/runner/work/paibanrili/paibanrili/build/ModuleCache.noindex/Foundation-APZRQ9TXG2V3WOP8B7MDL5N7N.pcm /Users/runner/work/paibanrili/paibanrili/build/ModuleCache.noindex/DataDetection-DGUQDNVY58ODJJR8YESSLQVP2.pcm /Users/runner/work/paibanrili/paibanrili/build/ModuleCache.noindex/ptrcheck-8ZX23Y99KB1QPETRWBHG92MBI.pcm /Users/runner/work/paibanrili/paibanrili/build/ModuleCache.noindex/_Builtin_inttypes-H8JMLXNB3YI79QGHLYFFAAJX.pcm /Users/runner/work/paibanrili/paibanrili/build/ModuleCache.noindex/SwiftShims-EMQ5KNATENDNE30R8ILF77JFC.pcm /Users/runner/work/paibanrili/paibanrili/build/ModuleCache.noindex/SwiftUI-4GRC9PD91X62WTAE1O0FTGOJ6.pcm /Users/runner/work/paibanrili/paibanrili/build/ModuleCache.noindex/CoreVideo-5SASBUKEFMZYQHOOC9OEWP10M.pcm /Users/runner/work/paibanrili/paibanrili/build/ModuleCache.noindex/_SwiftConcurrencyShims-AISCKR93KH06KREOZGQYOZENC.pcm /Users/runner/work/paibanrili/paibanrili/build/ModuleCache.noindex/WidgetKit-7UM4V4KW0TO12FG210NKVAKZI.pcm /Users/runner/work/paibanrili/paibanrili/build/ModuleCache.noindex/_Builtin_stdbool-1LDF28USN5V02LHJOABR69735.pcm /Users/runner/work/paibanrili/paibanrili/build/Build/Intermediates.noindex/ShiftScheduler.build/Release-iphoneos/ShiftScheduler.build/Objects-normal/arm64/ShiftScheduler-dependencies-1.json (in target 'ShiftScheduler' from project 'ShiftScheduler')
	Building project ShiftScheduler with scheme ShiftScheduler and configuration Release
(3 failures)
